// Jest Snapshot v1, https://goo.gl/fbAQLP

exports[`MainComponent should match snapshot 1`] = `
<div>
  <div
    class="font-sans flex flex-col justify-center items-center h-screen dark:bg-zinc-700 dark:text-white"
  >
    <img
      alt="React Logo"
      src="logo.svg"
      width="200"
    />
    <h1
      class="text-2xl"
    >
      Hello World!
    </h1>
    <h2>
      React + TailwindCSS Dark Mode App
    </h2>
    <div
      class="mt-2"
    >
      <button
        style="padding: 5px; border-radius: 5px; color: white; background: black;"
      >
        Go 
        DARK MODE
      </button>
    </div>
  </div>
</div>
`;
