// Jest Snapshot v1, https://goo.gl/fbAQLP

exports[`ThemeContextWrapper should match snapshot 1`] = `
<div>
  <p>
    Hello World!
  </p>
</div>
`;
